restart
I (33705) system_cmd: Restarting
\x00\x00\x00\x00\x00\x00\x00\x00\x00\x00\x00\x00\x00\x00\x00\x00\x00\x00\x00\x00\x00\x00\x00\x00\x00\x00\x00\x00\x00\x00\x00\x00\x00\x00\x00\x00\x00\x00\x00\x00\x00\x00\x00\x00\x00\x00\x00\x00\x00\x00\x00\x00\x00\x00\x00\x00\x00\x00\x00\x00\x00\x00\x00\x00\x00\x00\x00\x00\x00\x00\x00\x00\x00\x00\x00\x00\x00\x00\x00\x00\x00\x00\x00\x00\x00\x00\x00\x00\x00\x00\x00\x00\x00\x00\x00\x00\x00\x00\x00\x00\x00\x00\x00\x00\x00\x00\x00\x00\x00\x00\x00\x00\x00\x00\x00\x00\x00\x00\x00\x00\x00\x00\x00\x00\x00\x00\x00\x00\x00\x00\x00\x00\x00\x00\x00\x00\x00\x00\x00\x00\x00\x00\x00\x00\x00\x00\x00\x00\x00\x00\x00\x00\x00\x00\x00\x00\x00\x00\x00\x00\x00\x00\x00\x00\x00\x00\x00\x00\x00\x00\x00\x00\x00\x00\x00\x00\x00\x00\x00\x00\x00\x00\x00\x00\x00\x00\x00\x00\x00\x00\x00\x00\x00\x00\x00\x00\x00\x00\x00\x00\x00\x00\x00\x00\x00\x00\x00\x00\x00\x00\x00\x00\x00\x00\x00\x00\x00\x00\x00\x00\x00\x00\x00\x00\x00\x00\x00\x00\x00\x00\x00\x00\x00\x00\x00\x00\x00\x00\x00\x00\x00\x00\x00\x00\x00\x00\x00\x00\x00\x00\x00\x00\x00\x00\x00\x00\x00\x00\x00\x00\x00\x00\x00\x00\x00\x00\x00\x00\x00\x00\x00\x00\x00\x00\x00\x00\x00\x00\x00\x00\x00\x00\x00\x00\x00\x00\x00\x00\x00\x00\x00\x00\x00\x00\x00\x00\x00\x00\x00\x00\x00\x00\x00\x00\x00\x00\x00\x00\x00\x00\x00\x00\x00\x00\x00\x00\x00\x00\x00\x00\x00\x00\x00\x00\x00\x00\x00\x00\x00\x00\x00\x00\x00\x00\x00\x00\x00\x00\x00\x00\x00\x00\x00\x00\x00\x00\x00\x00\x00\x00\x00\x00\x00\x00\x00\x00\x00\x00\x00\x00\x00\x00\x00\x00\x00\x00\x00\x00\x00\x00\x00\x00\x00\x00\x00\x00\x00\x00\x00\x00\x00\x00\x00\x00\x00\x00\x00\x00\x00\x00\x00\x00\x00\x00\x00\x00\x00\x00\x00\x00\x00\x00\x00\x00\x00\x00\x00\x00\x00\x00\x00\x00\x00\x00\x00\x00\x00\x00\x00\x00\x00\x00\x00\x00\x00\x00\x00\x00\x00\x00\x00\x00\x00\x00\x00\x00\x00\x00\x00\x00\x00\x00\x00\x00\x00\x00\x00\x00\x00\x00\x00\x00\x00\x00\x00\x00\x00\x00\x00\x00\x00\x00\x00\x00\x00\x00\x00\x00\x00\x00\x00\x00\x00\x00\x00\x00\x00\x00\x00\x00\x00\x00\x00\x00\x00\x00\x00\x00\x00\x00\x00\x00\x00\x00\x00\x00\x00\x00\x00\x00\x00\x00\x00\x00\x00\x00\x00\x00\x00\x00\x00\x00\x00\x00\x00\x00\x00\x00\x00\x00\x00\x00\x00\x00\x00\x00\x00\x00\x00\x00\x00\x00\x00\x00\x00\x00\x00\x00\x00\x00\x00\x00\x00\x00\x00\x00\x00\x00\x00\x00\x00\x00\x00\x00\x00\x00\x00\x00\x00\x00\x00\x00\x00\x00\x00\x00\x00\x00\x00\x00\x00\x00\x00\x00\x00\x00\x00\x00\x00\x00\x00\x00\x00\x00\x00\x00\x00\x00\x00\x00\x00\x00\x00\x00\x00\x00\x00\x00\x00\x00\x00\x00\x00\x00\x00\x00\x00\x00\x00\x00\x00\x00\x00\x00\x00\x00\x00\x00\x00\x00\x00\x00\x00\x00\x00\x00\x00\x00\x00\x00\x00\x00\x00\x00\x00\x00\x00\x00\x00\x00\x00\x00\x00\x00\x00\x00\x00\x00\x00\x00\x00\x00\x00\x00\x00\x00\x00\x00\x00\x00\x00\x00\x00\x00\x00\x00\x00\x00\x00\x00\x00\x00\x00\x00\x00\x00\x00\x00\x00\x00\x00\x00\x00\x00\x00\x00\x00\x00\x00\x00\x00\x00\x00\x00\x00\x00\x00\x00\x00\x00\x00\x00\x00\x00\x00\x00\x00\x00\x00\x00\x00\x00\x00\x00\x00\x00\x00\x00\x00\x00\x00\x00\x00\x00\x00\x00\x00\x00\x00\x00\x00\x00\x00\x00\x00\x00\x00\x00\x00\x00\x00\x00\x00\x00\x00\x00\x00\x00\x00\x00\x00\x00\x00\x00\x00\x00\x00\x00\x00\x00\x00\x00\x00\x00\x00\x00\x00\x00\x00\x00\x00\x00\x00\x00\x00\x00\x00\x00\x00\x00\x00\x00\x00\x00\x00\x00\x00\x00\x00\x00\x00\x00\x00\x00\x00\x00\x00\x00\x00\x00\x00\x00\x00\x00\x00\x00\x00\x00\x00\x00\x00\x00\x00\x00\x00\x00\x00\x00\x00\x00\x00\x00\x00\x00\x00\x00\x00\x00\x00\x00\x00\x00\x00\x00\x00\x00\x00\x00\x00\x00\x00\x00\x00\x00\x00\x00\x00\x00\x00\x00\x00\x00\x00\x00\x00\x00\x00\x00\x00\x00\x00\x00\x00\x00\x00\x00\x00\x00\x00\x00\x00\x00\x00\x00\x00\x00\x00\x00\x00\x00\x00\x00\x00\x00\x00\x00\x00\x00\x00\x00\x00\x00\x00\x00\x00\x00\x00\x00\x00\x00\x00\x00\x00\x00\x00\x00\x00\x00\x00\x00\x00\x00\x00\x00\x00\x00\x00\x00\x00\x00\x00\x00\x00\x00\x00\x00\x00\x00\x00\x00\x00I (29) boot: ESP-IDF v5.0.4-dirty 2nd stage bootloader
I (29) boot: compile time 23:05:35
I (29) boot: Multicore bootloader
I (29) boot: chip revision: v3.0
I (29) qio_mode: Enabling default flash chip QIO
I (29) boot.esp32: SPI Speed      : 80MHz
I (30) boot.esp32: SPI Mode       : QIO
I (30) boot.esp32: SPI Flash Size : 4MB
I (30) boot: Enabling RNG early entropy source...
I (31) boot: Partition Table:
I (31) boot: ## Label            Usage          Type ST Offset   Length
I (31) boot:  0 nvs              WiFi data        01 02 0000d000 00008000
I (32) boot:  1 fctry            WiFi data        01 02 00015000 00004000
I (32) boot:  2 log_status       WiFi data        01 02 00019000 00004000
I (32) boot:  3 otadata          OTA data         01 00 0001d000 00002000
I (33) boot:  4 phy_init         RF data          01 01 0001f000 00001000
I (33) boot:  5 ota_0            OTA app          00 10 00020000 001ca000
I (34) boot: End of partition table
I (34) esp_image: segment 0: paddr=00020020 vaddr=3f400020 size=23ce0h (146656) map
I (75) esp_image: segment 1: paddr=00043d08 vaddr=3ffb0000 size=03360h ( 13152) load
I (79) esp_image: segment 2: paddr=00047070 vaddr=40080000 size=08fa8h ( 36776) load
I (91) esp_image: segment 3: paddr=00050020 vaddr=400d0020 size=90010h (589840) map
I (254) esp_image: segment 4: paddr=000e0038 vaddr=40088fa8 size=0d1b0h ( 53680) load
I (282) boot: Loaded app from partition at offset 0x20000
I (283) boot: Disabling RNG early entropy source...
I (283) cpu_start: Multicore app
I (283) cpu_start: Pro cpu up.
I (283) cpu_start: Starting app cpu, entry point is 0x40081400
I (269) cpu_start: App cpu up.
I (291) cpu_start: Pro cpu start user code
I (292) cpu_start: cpu freq: 240000000 Hz
I (292) cpu_start: Application information:
I (292) cpu_start: Project name:     console_test
I (292) cpu_start: App version:      1
I (292) cpu_start: Compile time:     Nov  5 2023 23:05:30
I (293) cpu_start: ELF file SHA256:  84a61724739bb56c...
I (293) cpu_start: ESP-IDF:          v5.0.4-dirty
I (293) cpu_start: Min chip rev:     v0.0
I (294) cpu_start: Max chip rev:     v3.99 
I (294) cpu_start: Chip rev:         v3.0
I (294) heap_init: Initializing. RAM available for dynamic allocation:
I (295) heap_init: At 3FFAE6E0 len 00001920 (6 KiB): DRAM
I (295) heap_init: At 3FFB7908 len 000286F8 (161 KiB): DRAM
I (295) heap_init: At 3FFE0440 len 00003AE0 (14 KiB): D/IRAM
I (296) heap_init: At 3FFE4350 len 0001BCB0 (111 KiB): D/IRAM
I (296) heap_init: At 40096158 len 00009EA8 (39 KiB): IRAM
I (297) spi_flash: detected chip: generic
I (297) spi_flash: flash io: qio
I (298) app_start: Starting scheduler on CPU0
I (298) main_task: Started on CPU0\r0
;32mI (298) app_start: Starting scheduler on CPU1
I (298) main_task: Calling app_main()
W (298) ws2812_led: WS2812 LED is disabled
W \x1b[5
"Type 'help' to get the list of commands.\r\r\n"
Use UP/DOWN arrows to navigate through command history.
Press TAB when typing command name to auto-complete.
Your terminal application does not support escape sequences.
Line editing and history features are disabled.
On Windows, try using Putty instead.
csi> I (812) wifi:wifi driver task: 3ffc1a04, prio:23, stack:6656, core=0
I (813) system_api: Base MAC address is not set
I (813) system_api: read default base MAC address from EFUSE
I (816) wifi:wifi firmware version: e2d0ad8
I (816) wifi:wifi certification version: v7.0
I (817) wifi:config NVS flash: enabled
I (817) wifi:config nano formating: disabled
I (818) wifi:Init data frame dynamic rx buffer num: 32
I (819) wifi:Init management frame dynamic rx buffer num: 32
I (819) wifi:Init management short buffer num: 32
I (820) wifi:Init dynamic tx buffer num: 32
I (821) wifi:Init static rx buffer size: 2212
I (821) wifi:Init static rx buffer num: 10
I (822) wifi:Init dynamic rx buffer num: 32
I (823) wifi_init: tcpip mbox: 32
I (823) wifi_init: udp mbox: 6
I (824) wifi_init: tcp mbox: 6
I (824) wifi_init: tcp tx win: 5744
I (825) wifi_init: tcp rx win: 5744
I (825) wifi_init: tcp mss: 1440
I (826) wifi_init: WiFi IRAM OP enabled
I (826) wifi_init: WiFi RX IRAM OP enabled
I (827) phy_init: phy_version 4771,450c73b,Aug 16 2023,11:03:10
I (894) wifi:mode : null
I (895) wifi:Set ps type: 0
I (895) wifi:ic_enable_sniffe
I (896) esp_radar: CSI_RADAR Version: 0.1.0, Compile time: Jun  6 2023 - 20:14:51
I (897) esp_radar: csi_recv_interval: 10, csi_handle_time: 250, csi_handle_window: 50, csi_handle_buffer: 60
I (899) main_task: Returned from app_main()
radar --csi_output_type LLFT --csi_output_format base64
csi> 
csi> I (1227) app_main: ================ CSI RECV ================
type,sequence,timestamp,taget_seq,taget,mac,rssi,rate,sig_mode,mcs,bandwidth,smoothing,not_sounding,aggregation,stbc,fec_coding,sgi,noise_floor,ampdu_cnt,channel,secondary_channel,local_timestamp,ant,sig_len,rx_state,len,first_word,data
I (2431) app_main: ================ RADAR RECV ================
I (2433) app_main: type,sequence,timestamp,waveform_wander,someone_threshold,someone_status,waveform_jitter,move_threshold,move_status

